{
  "manifest": "squaring-mod-easy-e5",
  "model_spec": {
    "vocab_size": 17,
    "max_seq_len": 13,
    "maximum_model_state_elements": 500000000
  },
  "training_batch_size": 512,
  "evaluation_batch_size": 1024,
  "max_training_steps": 1000000,
  "total_training_time_seconds": 60.0,
  "training_time_seconds_per_seed": 60.0,
  "evaluation_time_seconds_per_seed": 30.0,
  "seeds": [
    74
  ]
}
step=1 loss=2.906090 accuracy=0.001953 elapsed=1.7s budget=60.0s
step=100 loss=2.157748 accuracy=0.013672 elapsed=5.0s budget=60.0s
step=200 loss=2.093391 accuracy=0.009766 elapsed=8.5s budget=60.0s
step=300 loss=1.739412 accuracy=0.029297 elapsed=11.7s budget=60.0s
step=400 loss=1.139680 accuracy=0.087891 elapsed=14.9s budget=60.0s
step=500 loss=0.512255 accuracy=0.199219 elapsed=17.9s budget=60.0s
step=600 loss=0.330093 accuracy=0.236328 elapsed=21.2s budget=60.0s
step=700 loss=0.188178 accuracy=0.289062 elapsed=24.6s budget=60.0s
step=800 loss=0.104896 accuracy=0.324219 elapsed=27.9s budget=60.0s
step=900 loss=3.527050 accuracy=0.029297 elapsed=31.6s budget=60.0s
step=1000 loss=0.920291 accuracy=0.304688 elapsed=36.2s budget=60.0s
step=1100 loss=0.768961 accuracy=0.326172 elapsed=40.9s budget=60.0s
step=1200 loss=0.801786 accuracy=0.306641 elapsed=45.7s budget=60.0s
step=1300 loss=0.723637 accuracy=0.332031 elapsed=50.8s budget=60.0s
step=1400 loss=0.777148 accuracy=0.316406 elapsed=55.7s budget=60.0s
seed=74 split=test loss=3.694921 exact_accuracy=0.002500
seed=74 split=ood loss=2.336857 exact_accuracy=0.005000
seed=74 profile=seen_n depth_t=1 exact_accuracy=0.005859 certified=False
seed=74 profile=seen_n depth_t=2 exact_accuracy=0.007812 certified=False
seed=74 profile=seen_n depth_t=4 exact_accuracy=0.005859 certified=False
seed=74 profile=seen_n depth_t=8 exact_accuracy=0.003906 certified=False
seed=74 profile=seen_n depth_t=16 exact_accuracy=0.005859 certified=False
seed=74 profile=seen_n depth_t=32 exact_accuracy=0.009766 certified=False
seed=74 profile=seen_n depth_t=64 exact_accuracy=0.005859 certified=False
seed=74 profile=ood_n depth_t=1 exact_accuracy=0.003906 certified=False
seed=74 profile=ood_n depth_t=2 exact_accuracy=0.003906 certified=False
seed=74 profile=ood_n depth_t=4 exact_accuracy=0.003906 certified=False
seed=74 profile=ood_n depth_t=8 exact_accuracy=0.000000 certified=False
seed=74 profile=ood_n depth_t=16 exact_accuracy=0.001953 certified=False
seed=74 profile=ood_n depth_t=32 exact_accuracy=0.000000 certified=False
seed=74 profile=ood_n depth_t=64 exact_accuracy=0.000000 certified=False
RESULT_JSON={"depth_profile": {"depth_factor": 0, "ladder": [1, 2, 4, 8, 16, 32, 64], "max_certified_time_steps": null, "ood_n_ladder": [1, 2, 4, 8, 16, 32, 64], "ood_n_max_certified_time_steps": null, "ood_n_profile_available": true}, "manifest": "squaring-mod-easy-e5", "score": {"mean_exact_accuracy": 0.0037499999441206458, "mean_loss": 3.0158888491894214, "num_measurements": 2, "primary_metric": "mean_exact_accuracy"}, "seeds": [{"completed_training_steps": 1491, "depth_profile": {"depth_factor": 0, "ladder": [1, 2, 4, 8, 16, 32, 64], "max_certified_time_steps": null, "ood_n_ladder": [1, 2, 4, 8, 16, 32, 64], "ood_n_max_certified_time_steps": null, "ood_n_rungs": [{"correct_examples": 2, "exact_accuracy": 0.00390625, "example_count": 512, "status": "failed", "time_steps": 1}, {"correct_examples": 2, "exact_accuracy": 0.00390625, "example_count": 512, "status": "failed", "time_steps": 2}, {"correct_examples": 2, "exact_accuracy": 0.00390625, "example_count": 512, "status": "failed", "time_steps": 4}, {"correct_examples": 0, "exact_accuracy": 0.0, "example_count": 512, "status": "failed", "time_steps": 8}, {"correct_examples": 1, "exact_accuracy": 0.001953125, "example_count": 512, "status": "failed", "time_steps": 16}, {"correct_examples": 0, "exact_accuracy": 0.0, "example_count": 512, "status": "failed", "time_steps": 32}, {"correct_examples": 0, "exact_accuracy": 0.0, "example_count": 512, "status": "failed", "time_steps": 64}], "rungs": [{"correct_examples": 3, "exact_accuracy": 0.005859375, "example_count": 512, "status": "failed", "time_steps": 1}, {"correct_examples": 4, "exact_accuracy": 0.0078125, "example_count": 512, "status": "failed", "time_steps": 2}, {"correct_examples": 3, "exact_accuracy": 0.005859375, "example_count": 512, "status": "failed", "time_steps": 4}, {"correct_examples": 2, "exact_accuracy": 0.00390625, "example_count": 512, "status": "failed", "time_steps": 8}, {"correct_examples": 3, "exact_accuracy": 0.005859375, "example_count": 512, "status": "failed", "time_steps": 16}, {"correct_examples": 5, "exact_accuracy": 0.009765625, "example_count": 512, "status": "failed", "time_steps": 32}, {"correct_examples": 3, "exact_accuracy": 0.005859375, "example_count": 512, "status": "failed", "time_steps": 64}]}, "evaluation": {"ood": {"correct_examples": 3, "exact_accuracy": 0.004999999888241291, "example_count": 600, "loss": 2.3368566036224365}, "test": {"correct_examples": 3, "exact_accuracy": 0.0025, "example_count": 1200, "loss": 3.6949210947564057}}, "evaluation_batch_size": 1024, "evaluation_budget_seconds": 30.0, "evaluation_seconds": 2.8336929449997115, "final_train_loss": 0.741651177406311, "max_training_steps": 1000000, "model_state_elements": 1724929, "optimizer_state_elements_after_first_step": 3449889, "seed": 74, "training_batch_size": 512, "training_seconds": 60.00184221800009}]}
