loaded 2000 rows from data/generated/mod_two_n_1349_1357/heldout_u.jsonl, model=runs/mod_two_n_1349_1357/final.pt, device=cuda
Computing reference long-division features + sanity check...
sanity check: long-division simulation vs true u%n mismatches = 0/2000 (must be 0)

=== Error structure ===
exact match: 239/2000 = 0.1195
  0 wrong: 239 (0.1195)
  1 wrong: 530 (0.2650)
  2-3 wrong: 649 (0.3245)
  4+ wrong: 582 (0.2910)
first-wrong-position histogram: {0: 849, 1: 314, 2: 95, 3: 503}
fraction of wrong examples with contiguous wrong positions: 0.8313458262350937
longest error-run histogram: {1: 676, 2: 276, 3: 227, 4: 582}

=== Per-position accuracy/confidence/calibration ===
  pos 0: acc=0.5755 conf=0.973 calib_gap=+0.3971
  pos 1: acc=0.4910 conf=0.951 calib_gap=+0.4599
  pos 2: acc=0.4935 conf=0.945 calib_gap=+0.4515
  pos 3: acc=0.1730 conf=0.886 calib_gap=+0.7126

=== Accuracy by arithmetic-difficulty feature ===
  quotient_bucket: 0:1.000(n=168), 1:0.000(n=2), large(10+):0.039(n=1818), small(2-9):0.000(n=12)
  quotient_digit_length: 1:0.923(n=182), 2:0.086(n=81), 3:0.042(n=1196), 4:0.026(n=541)
  u_over_n_ratio: 1-<2:0.000(n=2), 10-<100:0.086(n=81), 100+:0.037(n=1737), 2-<10:0.000(n=12), <1:1.000(n=168)
  u_less_than_n: False:0.039(n=1832), True:1.000(n=168)
  n_digits_u: 1:1.000(n=1), 2:1.000(n=10), 3:1.000(n=116), 4:0.820(n=50), 5:0.056(n=54), 6:0.057(n=792), 7:0.024(n=977)
  n_digits_n: 4:0.119(n=2000)
  n_digits_remainder: 1:0.058(n=451), 2:0.238(n=42), 3:0.325(n=357), 4:0.076(n=1150)
  dist_remainder_to_0_quartile: 0:0.076(n=500), 1:0.304(n=500), 2:0.059(n=492), 3:0.039(n=508)
  dist_remainder_to_n_quartile: 0:0.042(n=265), 1:0.052(n=734), 2:0.302(n=500), 3:0.078(n=501)
  dist_to_nearest_multiple_quartile: 0:0.056(n=124), 1:0.047(n=738), 2:0.064(n=638), 3:0.312(n=500)

=== Non-neural baselines ===
{
  "trained_model": {
    "exact_match": 0.1195,
    "token_accuracy": 0.43325
  },
  "most_common_digit_per_position": {
    "exact_match": 0.0,
    "token_accuracy": 0.339125
  },
  "output_zero": {
    "exact_match": 0.062,
    "token_accuracy": 0.2605
  },
  "output_u_unchanged": {
    "exact_match": 0.084,
    "token_accuracy": 0.17275
  },
  "output_u_mod_10^1": {
    "exact_match": 0.0205,
    "token_accuracy": 0.278125
  },
  "output_u_mod_10^2": {
    "exact_match": 0.006,
    "token_accuracy": 0.2585
  },
  "output_u_mod_10^3": {
    "exact_match": 0.0635,
    "token_accuracy": 0.2345
  },
  "nearest_training_by_u": {
    "exact_match": 0.043,
    "token_accuracy": 0.4345
  },
  "naive_nearest_multiple_heuristic": {
    "exact_match": 0.361,
    "token_accuracy": 0.391125
  }
}

wrote analysis_out/task_b_final/baseline_seed0/task_b_analysis.json
