loaded 2000 rows from data/generated/mod_fixed_n_1349/heldout_u.jsonl, model=runs/task_b_fixed_n_deep_control/seed1/final.pt, device=cuda
Computing reference long-division features + sanity check...
sanity check: long-division simulation vs true u%n mismatches = 0/2000 (must be 0)

=== Error structure ===
exact match: 797/2000 = 0.3985
  0 wrong: 797 (0.3985)
  1 wrong: 367 (0.1835)
  2-3 wrong: 656 (0.3280)
  4+ wrong: 180 (0.0900)
first-wrong-position histogram: {0: 423, 1: 451, 2: 43, 3: 286}
fraction of wrong examples with contiguous wrong positions: 0.7955112219451371
longest error-run histogram: {1: 489, 2: 255, 3: 279, 4: 180}

=== Per-position accuracy/confidence/calibration ===
  pos 0: acc=0.7885 conf=0.986 calib_gap=+0.1970
  pos 1: acc=0.6035 conf=0.955 calib_gap=+0.3512
  pos 2: acc=0.6945 conf=0.961 calib_gap=+0.2661
  pos 3: acc=0.5125 conf=0.919 calib_gap=+0.4065

=== Accuracy by arithmetic-difficulty feature ===
  quotient_bucket: 0:1.000(n=80), 1:1.000(n=2), large(10+):0.370(n=1911), small(2-9):1.000(n=7)
  quotient_digit_length: 1:1.000(n=89), 2:0.402(n=102), 3:0.416(n=1219), 4:0.271(n=590)
  u_over_n_ratio: 1-<2:1.000(n=2), 10-<100:0.402(n=102), 100+:0.369(n=1809), 2-<10:1.000(n=7), <1:1.000(n=80)
  u_less_than_n: False:0.373(n=1920), True:1.000(n=80)
  n_digits_u: 2:1.000(n=4), 3:1.000(n=49), 4:1.000(n=34), 5:0.390(n=77), 6:0.493(n=795), 7:0.277(n=1041)
  n_digits_n: 4:0.399(n=2000)
  n_digits_remainder: 1:0.469(n=337), 2:0.066(n=61), 3:0.084(n=629), 4:0.598(n=973)
  dist_remainder_to_0_quartile: 0:0.336(n=500), 1:0.084(n=500), 2:0.398(n=492), 3:0.770(n=508)
  dist_remainder_to_n_quartile: 0:0.775(n=315), 1:0.501(n=685), 2:0.084(n=500), 3:0.336(n=500)
  dist_to_nearest_multiple_quartile: 0:0.577(n=326), 1:0.701(n=515), 2:0.301(n=658), 3:0.100(n=501)

=== Non-neural baselines ===
{
  "trained_model": {
    "exact_match": 0.3985,
    "token_accuracy": 0.64975
  },
  "most_common_digit_per_position": {
    "exact_match": 0.0765,
    "token_accuracy": 0.3625,
    "model_exact_agreement": 0.0905
  },
  "output_zero": {
    "exact_match": 0.0405,
    "token_accuracy": 0.257625,
    "model_exact_agreement": 0.0375
  },
  "output_u_unchanged": {
    "exact_match": 0.04,
    "token_accuracy": 0.135,
    "model_exact_agreement": 0.041
  },
  "output_u_mod_10^1": {
    "exact_match": 0.015,
    "token_accuracy": 0.273,
    "model_exact_agreement": 0.02
  },
  "output_u_mod_10^2": {
    "exact_match": 0.004,
    "token_accuracy": 0.253,
    "model_exact_agreement": 0.004
  },
  "output_u_mod_10^3": {
    "exact_match": 0.027,
    "token_accuracy": 0.2315,
    "model_exact_agreement": 0.0275
  },
  "nearest_training_by_u": {
    "exact_match": 0.0,
    "token_accuracy": 0.473,
    "model_exact_agreement": 0.079
  },
  "naive_nearest_multiple_heuristic": {
    "exact_match": 0.397,
    "token_accuracy": 0.443,
    "model_exact_agreement": 0.1025
  }
}

wrote analysis_out/task_b_serial/task_b_fixed_n_deep_control_seed1/task_b_analysis.json
