{
  "manifest": "squaring-mod-easy-e5",
  "model_spec": {
    "vocab_size": 17,
    "max_seq_len": 13,
    "maximum_model_state_elements": 500000000
  },
  "training_batch_size": 512,
  "evaluation_batch_size": 1024,
  "max_training_steps": 1000000,
  "total_training_time_seconds": 60.0,
  "training_time_seconds_per_seed": 60.0,
  "evaluation_time_seconds_per_seed": 30.0,
  "seeds": [
    74
  ]
}
step=1 loss=2.965321 accuracy=0.000000 elapsed=1.7s budget=60.0s
step=100 loss=2.192946 accuracy=0.005859 elapsed=5.1s budget=60.0s
step=200 loss=2.168388 accuracy=0.005859 elapsed=8.4s budget=60.0s
step=300 loss=2.095760 accuracy=0.003906 elapsed=11.6s budget=60.0s
step=400 loss=2.082902 accuracy=0.013672 elapsed=14.7s budget=60.0s
step=500 loss=1.959467 accuracy=0.021484 elapsed=18.0s budget=60.0s
step=600 loss=1.835801 accuracy=0.033203 elapsed=21.0s budget=60.0s
step=700 loss=1.656226 accuracy=0.025391 elapsed=24.1s budget=60.0s
step=800 loss=1.283128 accuracy=0.083984 elapsed=27.3s budget=60.0s
step=900 loss=2.386303 accuracy=0.011719 elapsed=30.6s budget=60.0s
step=1000 loss=1.560442 accuracy=0.089844 elapsed=34.5s budget=60.0s
step=1100 loss=1.311529 accuracy=0.142578 elapsed=38.1s budget=60.0s
step=1200 loss=1.205007 accuracy=0.152344 elapsed=41.6s budget=60.0s
step=1300 loss=0.977438 accuracy=0.244141 elapsed=45.3s budget=60.0s
step=1400 loss=0.932934 accuracy=0.263672 elapsed=49.2s budget=60.0s
step=1500 loss=0.877198 accuracy=0.271484 elapsed=53.1s budget=60.0s
step=1600 loss=0.801521 accuracy=0.289062 elapsed=56.8s budget=60.0s
seed=74 split=test loss=3.685967 exact_accuracy=0.005000
seed=74 split=ood loss=2.262713 exact_accuracy=0.010000
seed=74 profile=seen_n depth_t=1 exact_accuracy=0.003906 certified=False
seed=74 profile=seen_n depth_t=2 exact_accuracy=0.001953 certified=False
seed=74 profile=seen_n depth_t=4 exact_accuracy=0.007812 certified=False
seed=74 profile=seen_n depth_t=8 exact_accuracy=0.001953 certified=False
seed=74 profile=seen_n depth_t=16 exact_accuracy=0.005859 certified=False
seed=74 profile=seen_n depth_t=32 exact_accuracy=0.000000 certified=False
seed=74 profile=seen_n depth_t=64 exact_accuracy=0.001953 certified=False
seed=74 profile=ood_n depth_t=1 exact_accuracy=0.001953 certified=False
seed=74 profile=ood_n depth_t=2 exact_accuracy=0.000000 certified=False
seed=74 profile=ood_n depth_t=4 exact_accuracy=0.000000 certified=False
seed=74 profile=ood_n depth_t=8 exact_accuracy=0.003906 certified=False
seed=74 profile=ood_n depth_t=16 exact_accuracy=0.003906 certified=False
seed=74 profile=ood_n depth_t=32 exact_accuracy=0.000000 certified=False
seed=74 profile=ood_n depth_t=64 exact_accuracy=0.001953 certified=False
RESULT_JSON={"depth_profile": {"depth_factor": 0, "ladder": [1, 2, 4, 8, 16, 32, 64], "max_certified_time_steps": null, "ood_n_ladder": [1, 2, 4, 8, 16, 32, 64], "ood_n_max_certified_time_steps": null, "ood_n_profile_available": true}, "manifest": "squaring-mod-easy-e5", "score": {"mean_exact_accuracy": 0.0074999998882412915, "mean_loss": 2.9743401577679425, "num_measurements": 2, "primary_metric": "mean_exact_accuracy"}, "seeds": [{"completed_training_steps": 1685, "depth_profile": {"depth_factor": 0, "ladder": [1, 2, 4, 8, 16, 32, 64], "max_certified_time_steps": null, "ood_n_ladder": [1, 2, 4, 8, 16, 32, 64], "ood_n_max_certified_time_steps": null, "ood_n_rungs": [{"correct_examples": 1, "exact_accuracy": 0.001953125, "example_count": 512, "status": "failed", "time_steps": 1}, {"correct_examples": 0, "exact_accuracy": 0.0, "example_count": 512, "status": "failed", "time_steps": 2}, {"correct_examples": 0, "exact_accuracy": 0.0, "example_count": 512, "status": "failed", "time_steps": 4}, {"correct_examples": 2, "exact_accuracy": 0.00390625, "example_count": 512, "status": "failed", "time_steps": 8}, {"correct_examples": 2, "exact_accuracy": 0.00390625, "example_count": 512, "status": "failed", "time_steps": 16}, {"correct_examples": 0, "exact_accuracy": 0.0, "example_count": 512, "status": "failed", "time_steps": 32}, {"correct_examples": 1, "exact_accuracy": 0.001953125, "example_count": 512, "status": "failed", "time_steps": 64}], "rungs": [{"correct_examples": 2, "exact_accuracy": 0.00390625, "example_count": 512, "status": "failed", "time_steps": 1}, {"correct_examples": 1, "exact_accuracy": 0.001953125, "example_count": 512, "status": "failed", "time_steps": 2}, {"correct_examples": 4, "exact_accuracy": 0.0078125, "example_count": 512, "status": "failed", "time_steps": 4}, {"correct_examples": 1, "exact_accuracy": 0.001953125, "example_count": 512, "status": "failed", "time_steps": 8}, {"correct_examples": 3, "exact_accuracy": 0.005859375, "example_count": 512, "status": "failed", "time_steps": 16}, {"correct_examples": 0, "exact_accuracy": 0.0, "example_count": 512, "status": "failed", "time_steps": 32}, {"correct_examples": 1, "exact_accuracy": 0.001953125, "example_count": 512, "status": "failed", "time_steps": 64}]}, "evaluation": {"ood": {"correct_examples": 6, "exact_accuracy": 0.009999999776482582, "example_count": 600, "loss": 2.2627134323120117}, "test": {"correct_examples": 6, "exact_accuracy": 0.005, "example_count": 1200, "loss": 3.685966883223873}}, "evaluation_batch_size": 1024, "evaluation_budget_seconds": 30.0, "evaluation_seconds": 2.2248152760002995, "final_train_loss": 0.7814217805862427, "max_training_steps": 1000000, "model_state_elements": 1592064, "optimizer_state_elements_after_first_step": 3184153, "seed": 74, "training_batch_size": 512, "training_seconds": 60.02294285399876}]}
