loaded 2000 rows from data/generated/mod_fixed_n_1349/heldout_u.jsonl, model=runs/task_b_fixed_n_deep_control/seed0/final.pt, device=cuda
Computing reference long-division features + sanity check...
sanity check: long-division simulation vs true u%n mismatches = 0/2000 (must be 0)

=== Error structure ===
exact match: 587/2000 = 0.2935
  0 wrong: 587 (0.2935)
  1 wrong: 520 (0.2600)
  2-3 wrong: 675 (0.3375)
  4+ wrong: 218 (0.1090)
first-wrong-position histogram: {0: 440, 1: 453, 2: 57, 3: 463}
fraction of wrong examples with contiguous wrong positions: 0.8138711960368011
longest error-run histogram: {1: 660, 2: 240, 3: 295, 4: 218}

=== Per-position accuracy/confidence/calibration ===
  pos 0: acc=0.7800 conf=0.987 calib_gap=+0.2068
  pos 1: acc=0.5940 conf=0.960 calib_gap=+0.3660
  pos 2: acc=0.6660 conf=0.964 calib_gap=+0.2981
  pos 3: acc=0.3800 conf=0.908 calib_gap=+0.5284

=== Accuracy by arithmetic-difficulty feature ===
  quotient_bucket: 0:1.000(n=80), 1:0.500(n=2), large(10+):0.264(n=1911), small(2-9):0.286(n=7)
  quotient_digit_length: 1:0.933(n=89), 2:0.304(n=102), 3:0.292(n=1219), 4:0.198(n=590)
  u_over_n_ratio: 1-<2:0.500(n=2), 10-<100:0.304(n=102), 100+:0.261(n=1809), 2-<10:0.286(n=7), <1:1.000(n=80)
  u_less_than_n: False:0.264(n=1920), True:1.000(n=80)
  n_digits_u: 2:1.000(n=4), 3:1.000(n=49), 4:0.853(n=34), 5:0.273(n=77), 6:0.348(n=795), 7:0.199(n=1041)
  n_digits_n: 4:0.293(n=2000)
  n_digits_remainder: 1:0.329(n=337), 2:0.082(n=61), 3:0.087(n=629), 4:0.428(n=973)
  dist_remainder_to_0_quartile: 0:0.248(n=500), 1:0.084(n=500), 2:0.319(n=492), 3:0.520(n=508)
  dist_remainder_to_n_quartile: 0:0.537(n=315), 1:0.368(n=685), 2:0.084(n=500), 3:0.248(n=500)
  dist_to_nearest_multiple_quartile: 0:0.454(n=326), 1:0.441(n=515), 2:0.246(n=658), 3:0.100(n=501)

=== Non-neural baselines ===
{
  "trained_model": {
    "exact_match": 0.2935,
    "token_accuracy": 0.605
  },
  "most_common_digit_per_position": {
    "exact_match": 0.0765,
    "token_accuracy": 0.3625,
    "model_exact_agreement": 0.0865
  },
  "output_zero": {
    "exact_match": 0.0405,
    "token_accuracy": 0.257625,
    "model_exact_agreement": 0.047
  },
  "output_u_unchanged": {
    "exact_match": 0.04,
    "token_accuracy": 0.135,
    "model_exact_agreement": 0.0405
  },
  "output_u_mod_10^1": {
    "exact_match": 0.015,
    "token_accuracy": 0.273,
    "model_exact_agreement": 0.0295
  },
  "output_u_mod_10^2": {
    "exact_match": 0.004,
    "token_accuracy": 0.253,
    "model_exact_agreement": 0.0045
  },
  "output_u_mod_10^3": {
    "exact_match": 0.027,
    "token_accuracy": 0.2315,
    "model_exact_agreement": 0.028
  },
  "nearest_training_by_u": {
    "exact_match": 0.0,
    "token_accuracy": 0.473,
    "model_exact_agreement": 0.1185
  },
  "naive_nearest_multiple_heuristic": {
    "exact_match": 0.397,
    "token_accuracy": 0.443,
    "model_exact_agreement": 0.0875
  }
}

wrote analysis_out/task_b_serial/task_b_fixed_n_deep_control_seed0/task_b_analysis.json
