loaded 2000 rows from data/generated/mod_fixed_n_1349/heldout_u.jsonl, model=runs/task_b_fixed_n_baseline/seed1/final.pt, device=cuda
Computing reference long-division features + sanity check...
sanity check: long-division simulation vs true u%n mismatches = 0/2000 (must be 0)

=== Error structure ===
exact match: 614/2000 = 0.3070
  0 wrong: 614 (0.3070)
  1 wrong: 472 (0.2360)
  2-3 wrong: 698 (0.3490)
  4+ wrong: 216 (0.1080)
first-wrong-position histogram: {0: 459, 1: 464, 2: 54, 3: 409}
fraction of wrong examples with contiguous wrong positions: 0.8138528138528138
longest error-run histogram: {1: 605, 2: 241, 3: 324, 4: 216}

=== Per-position accuracy/confidence/calibration ===
  pos 0: acc=0.7705 conf=0.981 calib_gap=+0.2100
  pos 1: acc=0.5770 conf=0.952 calib_gap=+0.3747
  pos 2: acc=0.6585 conf=0.960 calib_gap=+0.3013
  pos 3: acc=0.4035 conf=0.894 calib_gap=+0.4905

=== Accuracy by arithmetic-difficulty feature ===
  quotient_bucket: 0:1.000(n=80), 1:0.500(n=2), large(10+):0.277(n=1911), small(2-9):0.429(n=7)
  quotient_digit_length: 1:0.944(n=89), 2:0.275(n=102), 3:0.313(n=1219), 4:0.203(n=590)
  u_over_n_ratio: 1-<2:0.500(n=2), 10-<100:0.275(n=102), 100+:0.278(n=1809), 2-<10:0.429(n=7), <1:1.000(n=80)
  u_less_than_n: False:0.278(n=1920), True:1.000(n=80)
  n_digits_u: 2:1.000(n=4), 3:1.000(n=49), 4:0.853(n=34), 5:0.260(n=77), 6:0.395(n=795), 7:0.190(n=1041)
  n_digits_n: 4:0.307(n=2000)
  n_digits_remainder: 1:0.332(n=337), 2:0.066(n=61), 3:0.081(n=629), 4:0.459(n=973)
  dist_remainder_to_0_quartile: 0:0.242(n=500), 1:0.082(n=500), 2:0.350(n=492), 3:0.551(n=508)
  dist_remainder_to_n_quartile: 0:0.543(n=315), 1:0.410(n=685), 2:0.082(n=500), 3:0.242(n=500)
  dist_to_nearest_multiple_quartile: 0:0.423(n=326), 1:0.493(n=515), 2:0.263(n=658), 3:0.098(n=501)

=== Non-neural baselines ===
{
  "trained_model": {
    "exact_match": 0.307,
    "token_accuracy": 0.602375
  },
  "most_common_digit_per_position": {
    "exact_match": 0.0765,
    "token_accuracy": 0.3625,
    "model_exact_agreement": 0.083
  },
  "output_zero": {
    "exact_match": 0.0405,
    "token_accuracy": 0.257625,
    "model_exact_agreement": 0.031
  },
  "output_u_unchanged": {
    "exact_match": 0.04,
    "token_accuracy": 0.135,
    "model_exact_agreement": 0.04
  },
  "output_u_mod_10^1": {
    "exact_match": 0.015,
    "token_accuracy": 0.273,
    "model_exact_agreement": 0.017
  },
  "output_u_mod_10^2": {
    "exact_match": 0.004,
    "token_accuracy": 0.253,
    "model_exact_agreement": 0.003
  },
  "output_u_mod_10^3": {
    "exact_match": 0.027,
    "token_accuracy": 0.2315,
    "model_exact_agreement": 0.0265
  },
  "nearest_training_by_u": {
    "exact_match": 0.0,
    "token_accuracy": 0.473,
    "model_exact_agreement": 0.114
  },
  "naive_nearest_multiple_heuristic": {
    "exact_match": 0.397,
    "token_accuracy": 0.443,
    "model_exact_agreement": 0.0805
  }
}

wrote analysis_out/task_b_serial/task_b_fixed_n_baseline_seed1/task_b_analysis.json
