loaded 2000 rows from data/generated/mod_fixed_n_1349/heldout_u.jsonl, model=runs/task_b_fixed_n_recurrent_k8/seed0/final.pt, device=cuda
Computing reference long-division features + sanity check...
sanity check: long-division simulation vs true u%n mismatches = 0/2000 (must be 0)

=== Error structure ===
exact match: 324/2000 = 0.1620
  0 wrong: 324 (0.1620)
  1 wrong: 698 (0.3490)
  2-3 wrong: 672 (0.3360)
  4+ wrong: 306 (0.1530)
first-wrong-position histogram: {0: 523, 1: 458, 2: 48, 3: 647}
fraction of wrong examples with contiguous wrong positions: 0.8514319809069213
longest error-run histogram: {1: 817, 2: 223, 3: 330, 4: 306}

=== Per-position accuracy/confidence/calibration ===
  pos 0: acc=0.7385 conf=0.984 calib_gap=+0.2452
  pos 1: acc=0.5475 conf=0.956 calib_gap=+0.4082
  pos 2: acc=0.6180 conf=0.967 calib_gap=+0.3489
  pos 3: acc=0.2330 conf=0.899 calib_gap=+0.6659

=== Accuracy by arithmetic-difficulty feature ===
  quotient_bucket: 0:1.000(n=80), 1:0.000(n=2), large(10+):0.127(n=1911), small(2-9):0.286(n=7)
  quotient_digit_length: 1:0.921(n=89), 2:0.127(n=102), 3:0.144(n=1219), 4:0.092(n=590)
  u_over_n_ratio: 1-<2:0.000(n=2), 10-<100:0.127(n=102), 100+:0.127(n=1809), 2-<10:0.286(n=7), <1:1.000(n=80)
  u_less_than_n: False:0.127(n=1920), True:1.000(n=80)
  n_digits_u: 2:1.000(n=4), 3:1.000(n=49), 4:0.824(n=34), 5:0.143(n=77), 6:0.182(n=795), 7:0.084(n=1041)
  n_digits_n: 4:0.162(n=2000)
  n_digits_remainder: 1:0.145(n=337), 2:0.066(n=61), 3:0.078(n=629), 4:0.228(n=973)
  dist_remainder_to_0_quartile: 0:0.116(n=500), 1:0.078(n=500), 2:0.209(n=492), 3:0.244(n=508)
  dist_remainder_to_n_quartile: 0:0.267(n=315), 1:0.209(n=685), 2:0.078(n=500), 3:0.116(n=500)
  dist_to_nearest_multiple_quartile: 0:0.209(n=326), 1:0.204(n=515), 2:0.158(n=658), 3:0.094(n=501)

=== Non-neural baselines ===
{
  "trained_model": {
    "exact_match": 0.162,
    "token_accuracy": 0.53425
  },
  "most_common_digit_per_position": {
    "exact_match": 0.0765,
    "token_accuracy": 0.3625,
    "model_exact_agreement": 0.127
  },
  "output_zero": {
    "exact_match": 0.0405,
    "token_accuracy": 0.257625,
    "model_exact_agreement": 0.055
  },
  "output_u_unchanged": {
    "exact_match": 0.04,
    "token_accuracy": 0.135,
    "model_exact_agreement": 0.0405
  },
  "output_u_mod_10^1": {
    "exact_match": 0.015,
    "token_accuracy": 0.273,
    "model_exact_agreement": 0.0205
  },
  "output_u_mod_10^2": {
    "exact_match": 0.004,
    "token_accuracy": 0.253,
    "model_exact_agreement": 0.005
  },
  "output_u_mod_10^3": {
    "exact_match": 0.027,
    "token_accuracy": 0.2315,
    "model_exact_agreement": 0.027
  },
  "nearest_training_by_u": {
    "exact_match": 0.0,
    "token_accuracy": 0.473,
    "model_exact_agreement": 0.1875
  },
  "naive_nearest_multiple_heuristic": {
    "exact_match": 0.397,
    "token_accuracy": 0.443,
    "model_exact_agreement": 0.0635
  }
}

wrote analysis_out/task_b_serial/task_b_fixed_n_recurrent_k8_seed0/task_b_analysis.json
