loaded 2000 rows from data/generated/mod_two_n_1349_1357/heldout_u.jsonl, model=runs/task_b_two_n_shuffled_n_broadcast/seed1/final.pt, device=cuda
Computing reference long-division features + sanity check...
sanity check: long-division simulation vs true u%n mismatches = 0/2000 (must be 0)

=== Error structure ===
exact match: 222/2000 = 0.1110
  0 wrong: 222 (0.1110)
  1 wrong: 490 (0.2450)
  2-3 wrong: 662 (0.3310)
  4+ wrong: 626 (0.3130)
first-wrong-position histogram: {0: 913, 1: 302, 2: 96, 3: 467}
fraction of wrong examples with contiguous wrong positions: 0.8357705286839145
longest error-run histogram: {1: 628, 2: 269, 3: 255, 4: 626}

=== Per-position accuracy/confidence/calibration ===
  pos 0: acc=0.5435 conf=0.979 calib_gap=+0.4353
  pos 1: acc=0.4665 conf=0.962 calib_gap=+0.4956
  pos 2: acc=0.4635 conf=0.961 calib_gap=+0.4974
  pos 3: acc=0.1630 conf=0.904 calib_gap=+0.7411

=== Accuracy by arithmetic-difficulty feature ===
  quotient_bucket: 0:1.000(n=168), 1:0.000(n=2), large(10+):0.029(n=1818), small(2-9):0.083(n=12)
  quotient_digit_length: 1:0.929(n=182), 2:0.012(n=81), 3:0.032(n=1196), 4:0.026(n=541)
  u_over_n_ratio: 1-<2:0.000(n=2), 10-<100:0.012(n=81), 100+:0.030(n=1737), 2-<10:0.083(n=12), <1:1.000(n=168)
  u_less_than_n: False:0.029(n=1832), True:1.000(n=168)
  n_digits_u: 1:1.000(n=1), 2:1.000(n=10), 3:1.000(n=116), 4:0.840(n=50), 5:0.000(n=54), 6:0.040(n=792), 7:0.021(n=977)
  n_digits_n: 4:0.111(n=2000)
  n_digits_remainder: 1:0.031(n=451), 2:0.238(n=42), 3:0.325(n=357), 4:0.071(n=1150)
  dist_remainder_to_0_quartile: 0:0.052(n=500), 1:0.304(n=500), 2:0.049(n=492), 3:0.039(n=508)
  dist_remainder_to_n_quartile: 0:0.026(n=265), 1:0.050(n=734), 2:0.302(n=500), 3:0.054(n=501)
  dist_to_nearest_multiple_quartile: 0:0.040(n=124), 1:0.037(n=738), 2:0.053(n=638), 3:0.312(n=500)

=== Non-neural baselines ===
{
  "trained_model": {
    "exact_match": 0.111,
    "token_accuracy": 0.409125
  },
  "most_common_digit_per_position": {
    "exact_match": 0.0,
    "token_accuracy": 0.339125
  },
  "output_zero": {
    "exact_match": 0.062,
    "token_accuracy": 0.2605
  },
  "output_u_unchanged": {
    "exact_match": 0.084,
    "token_accuracy": 0.17275
  },
  "output_u_mod_10^1": {
    "exact_match": 0.0205,
    "token_accuracy": 0.278125
  },
  "output_u_mod_10^2": {
    "exact_match": 0.006,
    "token_accuracy": 0.2585
  },
  "output_u_mod_10^3": {
    "exact_match": 0.0635,
    "token_accuracy": 0.2345
  },
  "nearest_training_by_u": {
    "exact_match": 0.043,
    "token_accuracy": 0.4345
  },
  "naive_nearest_multiple_heuristic": {
    "exact_match": 0.361,
    "token_accuracy": 0.391125
  }
}

wrote analysis_out/task_b_final/task_b_two_n_shuffled_n_broadcast_seed1/task_b_analysis.json
