loaded 2000 rows from data/generated/mod_fixed_n_1349/heldout_u.jsonl, model=runs/task_b_fixed_n_baseline/seed2/final.pt, device=cuda
Computing reference long-division features + sanity check...
sanity check: long-division simulation vs true u%n mismatches = 0/2000 (must be 0)

=== Error structure ===
exact match: 673/2000 = 0.3365
  0 wrong: 673 (0.3365)
  1 wrong: 447 (0.2235)
  2-3 wrong: 683 (0.3415)
  4+ wrong: 197 (0.0985)
first-wrong-position histogram: {0: 431, 1: 492, 2: 49, 3: 355}
fraction of wrong examples with contiguous wrong positions: 0.8085908063300679
longest error-run histogram: {1: 589, 2: 220, 3: 321, 4: 197}

=== Per-position accuracy/confidence/calibration ===
  pos 0: acc=0.7845 conf=0.981 calib_gap=+0.1963
  pos 1: acc=0.5785 conf=0.955 calib_gap=+0.3765
  pos 2: acc=0.6745 conf=0.956 calib_gap=+0.2812
  pos 3: acc=0.4455 conf=0.898 calib_gap=+0.4528

=== Accuracy by arithmetic-difficulty feature ===
  quotient_bucket: 0:1.000(n=80), 1:0.500(n=2), large(10+):0.309(n=1911), small(2-9):0.286(n=7)
  quotient_digit_length: 1:0.933(n=89), 2:0.382(n=102), 3:0.342(n=1219), 4:0.227(n=590)
  u_over_n_ratio: 1-<2:0.500(n=2), 10-<100:0.382(n=102), 100+:0.305(n=1809), 2-<10:0.286(n=7), <1:1.000(n=80)
  u_less_than_n: False:0.309(n=1920), True:1.000(n=80)
  n_digits_u: 2:1.000(n=4), 3:1.000(n=49), 4:0.853(n=34), 5:0.364(n=77), 6:0.418(n=795), 7:0.222(n=1041)
  n_digits_n: 4:0.337(n=2000)
  n_digits_remainder: 1:0.398(n=337), 2:0.066(n=61), 3:0.081(n=629), 4:0.497(n=973)
  dist_remainder_to_0_quartile: 0:0.290(n=500), 1:0.078(n=500), 2:0.360(n=492), 3:0.614(n=508)
  dist_remainder_to_n_quartile: 0:0.606(n=315), 1:0.435(n=685), 2:0.078(n=500), 3:0.290(n=500)
  dist_to_nearest_multiple_quartile: 0:0.503(n=326), 1:0.548(n=515), 2:0.274(n=658), 3:0.094(n=501)

=== Non-neural baselines ===
{
  "trained_model": {
    "exact_match": 0.3365,
    "token_accuracy": 0.62075
  },
  "most_common_digit_per_position": {
    "exact_match": 0.0765,
    "token_accuracy": 0.3625,
    "model_exact_agreement": 0.086
  },
  "output_zero": {
    "exact_match": 0.0405,
    "token_accuracy": 0.257625,
    "model_exact_agreement": 0.041
  },
  "output_u_unchanged": {
    "exact_match": 0.04,
    "token_accuracy": 0.135,
    "model_exact_agreement": 0.04
  },
  "output_u_mod_10^1": {
    "exact_match": 0.015,
    "token_accuracy": 0.273,
    "model_exact_agreement": 0.0225
  },
  "output_u_mod_10^2": {
    "exact_match": 0.004,
    "token_accuracy": 0.253,
    "model_exact_agreement": 0.004
  },
  "output_u_mod_10^3": {
    "exact_match": 0.027,
    "token_accuracy": 0.2315,
    "model_exact_agreement": 0.027
  },
  "nearest_training_by_u": {
    "exact_match": 0.0,
    "token_accuracy": 0.473,
    "model_exact_agreement": 0.0905
  },
  "naive_nearest_multiple_heuristic": {
    "exact_match": 0.397,
    "token_accuracy": 0.443,
    "model_exact_agreement": 0.096
  }
}

wrote analysis_out/task_b_serial/task_b_fixed_n_baseline_seed2/task_b_analysis.json
