loaded 2000 rows from data/generated/mod_fixed_n_1349/heldout_u.jsonl, model=runs/task_b_fixed_n_recurrent_k8/seed2/final.pt, device=cuda
Computing reference long-division features + sanity check...
sanity check: long-division simulation vs true u%n mismatches = 0/2000 (must be 0)

=== Error structure ===
exact match: 477/2000 = 0.2385
  0 wrong: 477 (0.2385)
  1 wrong: 569 (0.2845)
  2-3 wrong: 673 (0.3365)
  4+ wrong: 281 (0.1405)
first-wrong-position histogram: {0: 509, 1: 443, 2: 50, 3: 521}
fraction of wrong examples with contiguous wrong positions: 0.8424162836506894
longest error-run histogram: {1: 689, 2: 220, 3: 333, 4: 281}

=== Per-position accuracy/confidence/calibration ===
  pos 0: acc=0.7455 conf=0.972 calib_gap=+0.2263
  pos 1: acc=0.5650 conf=0.949 calib_gap=+0.3845
  pos 2: acc=0.6290 conf=0.957 calib_gap=+0.3283
  pos 3: acc=0.3145 conf=0.888 calib_gap=+0.5737

=== Accuracy by arithmetic-difficulty feature ===
  quotient_bucket: 0:1.000(n=80), 1:1.000(n=2), large(10+):0.206(n=1911), small(2-9):0.286(n=7)
  quotient_digit_length: 1:0.944(n=89), 2:0.216(n=102), 3:0.228(n=1219), 4:0.158(n=590)
  u_over_n_ratio: 1-<2:1.000(n=2), 10-<100:0.216(n=102), 100+:0.205(n=1809), 2-<10:0.286(n=7), <1:1.000(n=80)
  u_less_than_n: False:0.207(n=1920), True:1.000(n=80)
  n_digits_u: 2:1.000(n=4), 3:1.000(n=49), 4:0.912(n=34), 5:0.208(n=77), 6:0.275(n=795), 7:0.152(n=1041)
  n_digits_n: 4:0.238(n=2000)
  n_digits_remainder: 1:0.226(n=337), 2:0.066(n=61), 3:0.081(n=629), 4:0.356(n=973)
  dist_remainder_to_0_quartile: 0:0.170(n=500), 1:0.082(n=500), 2:0.258(n=492), 3:0.441(n=508)
  dist_remainder_to_n_quartile: 0:0.397(n=315), 1:0.330(n=685), 2:0.082(n=500), 3:0.170(n=500)
  dist_to_nearest_multiple_quartile: 0:0.350(n=326), 1:0.361(n=515), 2:0.195(n=658), 3:0.098(n=501)

=== Non-neural baselines ===
{
  "trained_model": {
    "exact_match": 0.2385,
    "token_accuracy": 0.5635
  },
  "most_common_digit_per_position": {
    "exact_match": 0.0765,
    "token_accuracy": 0.3625,
    "model_exact_agreement": 0.088
  },
  "output_zero": {
    "exact_match": 0.0405,
    "token_accuracy": 0.257625,
    "model_exact_agreement": 0.0345
  },
  "output_u_unchanged": {
    "exact_match": 0.04,
    "token_accuracy": 0.135,
    "model_exact_agreement": 0.0405
  },
  "output_u_mod_10^1": {
    "exact_match": 0.015,
    "token_accuracy": 0.273,
    "model_exact_agreement": 0.0175
  },
  "output_u_mod_10^2": {
    "exact_match": 0.004,
    "token_accuracy": 0.253,
    "model_exact_agreement": 0.005
  },
  "output_u_mod_10^3": {
    "exact_match": 0.027,
    "token_accuracy": 0.2315,
    "model_exact_agreement": 0.0275
  },
  "nearest_training_by_u": {
    "exact_match": 0.0,
    "token_accuracy": 0.473,
    "model_exact_agreement": 0.1405
  },
  "naive_nearest_multiple_heuristic": {
    "exact_match": 0.397,
    "token_accuracy": 0.443,
    "model_exact_agreement": 0.0645
  }
}

wrote analysis_out/task_b_serial/task_b_fixed_n_recurrent_k8_seed2/task_b_analysis.json
