loaded 2000 rows from data/generated/mod_fixed_n_1349/heldout_u.jsonl, model=runs/mod_fixed_n_1349/final.pt, device=cuda
Computing reference long-division features + sanity check...
sanity check: long-division simulation vs true u%n mismatches = 0/2000 (must be 0)

=== Error structure ===
exact match: 732/2000 = 0.3660
  0 wrong: 732 (0.3660)
  1 wrong: 373 (0.1865)
  2-3 wrong: 675 (0.3375)
  4+ wrong: 220 (0.1100)
first-wrong-position histogram: {0: 457, 1: 463, 2: 46, 3: 302}
fraction of wrong examples with contiguous wrong positions: 0.8257097791798107
longest error-run histogram: {1: 474, 2: 228, 3: 346, 4: 220}

=== Per-position accuracy/confidence/calibration ===
  pos 0: acc=0.7715 conf=0.983 calib_gap=+0.2119
  pos 1: acc=0.5840 conf=0.957 calib_gap=+0.3732
  pos 2: acc=0.6425 conf=0.960 calib_gap=+0.3178
  pos 3: acc=0.4675 conf=0.910 calib_gap=+0.4427

=== Accuracy by arithmetic-difficulty feature ===
  quotient_bucket: 0:1.000(n=80), 1:0.500(n=2), large(10+):0.339(n=1911), small(2-9):0.429(n=7)
  quotient_digit_length: 1:0.944(n=89), 2:0.392(n=102), 3:0.380(n=1219), 4:0.246(n=590)
  u_over_n_ratio: 1-<2:0.500(n=2), 10-<100:0.392(n=102), 100+:0.336(n=1809), 2-<10:0.429(n=7), <1:1.000(n=80)
  u_less_than_n: False:0.340(n=1920), True:1.000(n=80)
  n_digits_u: 2:1.000(n=4), 3:1.000(n=49), 4:0.882(n=34), 5:0.377(n=77), 6:0.470(n=795), 7:0.236(n=1041)
  n_digits_n: 4:0.366(n=2000)
  n_digits_remainder: 1:0.481(n=337), 2:0.066(n=61), 3:0.081(n=629), 4:0.529(n=973)
  dist_remainder_to_0_quartile: 0:0.344(n=500), 1:0.080(n=500), 2:0.388(n=492), 3:0.648(n=508)
  dist_remainder_to_n_quartile: 0:0.635(n=315), 1:0.467(n=685), 2:0.080(n=500), 3:0.344(n=500)
  dist_to_nearest_multiple_quartile: 0:0.549(n=326), 1:0.606(n=515), 2:0.293(n=658), 3:0.096(n=501)

=== Non-neural baselines ===
{
  "trained_model": {
    "exact_match": 0.366,
    "token_accuracy": 0.616375
  },
  "most_common_digit_per_position": {
    "exact_match": 0.0765,
    "token_accuracy": 0.3625,
    "model_exact_agreement": 0.0835
  },
  "output_zero": {
    "exact_match": 0.0405,
    "token_accuracy": 0.257625,
    "model_exact_agreement": 0.043
  },
  "output_u_unchanged": {
    "exact_match": 0.04,
    "token_accuracy": 0.135,
    "model_exact_agreement": 0.04
  },
  "output_u_mod_10^1": {
    "exact_match": 0.015,
    "token_accuracy": 0.273,
    "model_exact_agreement": 0.022
  },
  "output_u_mod_10^2": {
    "exact_match": 0.004,
    "token_accuracy": 0.253,
    "model_exact_agreement": 0.0055
  },
  "output_u_mod_10^3": {
    "exact_match": 0.027,
    "token_accuracy": 0.2315,
    "model_exact_agreement": 0.027
  },
  "nearest_training_by_u": {
    "exact_match": 0.0,
    "token_accuracy": 0.473,
    "model_exact_agreement": 0.082
  },
  "naive_nearest_multiple_heuristic": {
    "exact_match": 0.397,
    "token_accuracy": 0.443,
    "model_exact_agreement": 0.1095
  }
}

wrote analysis_out/task_b_final/fixed_n_1349_v2/task_b_analysis.json
