{
  "n_pairs": 2000,
  "checkpoint": "final",
  "run_dir": "runs/task_b_two_n_baseline/seed1",
  "prediction_changes_when_n_changes": 0.944,
  "true_target_changes_when_n_changes": 1.0,
  "prediction_changes_to_correct_alternate_remainder": 0.0,
  "prediction_unchanged_despite_different_target": 0.056,
  "accuracy_by_modulus": {
    "1349": 0.0005,
    "1357": 0.0005
  },
  "confusion": {
    "ignores_n": 0.056,
    "responds_wrong_both": 0.943,
    "correct_modulus_specific": 0.0,
    "partial_or_same_target": 0.001
  },
  "definition": "correct_alternate requires both predictions to match their respective modulus-specific targets"
}
