{
  "manifest": "squaring-mod-easy-e5",
  "model_spec": {
    "vocab_size": 17,
    "max_seq_len": 13,
    "maximum_model_state_elements": 500000000
  },
  "training_batch_size": 512,
  "evaluation_batch_size": 1024,
  "max_training_steps": 1000000,
  "total_training_time_seconds": 60.0,
  "training_time_seconds_per_seed": 60.0,
  "evaluation_time_seconds_per_seed": 30.0,
  "seeds": [
    74
  ]
}
step=1 loss=2.936993 accuracy=0.000000 elapsed=1.7s budget=60.0s
step=100 loss=2.182776 accuracy=0.009766 elapsed=5.1s budget=60.0s
step=200 loss=2.172416 accuracy=0.007812 elapsed=8.3s budget=60.0s
step=300 loss=2.076206 accuracy=0.009766 elapsed=11.6s budget=60.0s
step=400 loss=1.992200 accuracy=0.011719 elapsed=14.9s budget=60.0s
step=500 loss=1.887322 accuracy=0.031250 elapsed=18.1s budget=60.0s
step=600 loss=1.585627 accuracy=0.035156 elapsed=21.5s budget=60.0s
step=700 loss=1.125594 accuracy=0.095703 elapsed=24.9s budget=60.0s
step=800 loss=0.654142 accuracy=0.160156 elapsed=28.0s budget=60.0s
step=900 loss=3.466972 accuracy=0.011719 elapsed=31.4s budget=60.0s
step=1000 loss=1.753206 accuracy=0.042969 elapsed=35.3s budget=60.0s
step=1100 loss=1.057174 accuracy=0.238281 elapsed=39.2s budget=60.0s
step=1200 loss=0.890226 accuracy=0.273438 elapsed=43.0s budget=60.0s
step=1300 loss=0.776549 accuracy=0.316406 elapsed=47.1s budget=60.0s
step=1400 loss=0.816411 accuracy=0.308594 elapsed=51.5s budget=60.0s
step=1500 loss=0.761343 accuracy=0.322266 elapsed=55.7s budget=60.0s
seed=74 split=test loss=3.842302 exact_accuracy=0.003333
seed=74 split=ood loss=2.266448 exact_accuracy=0.011667
seed=74 profile=seen_n depth_t=1 exact_accuracy=0.005859 certified=False
seed=74 profile=seen_n depth_t=2 exact_accuracy=0.005859 certified=False
seed=74 profile=seen_n depth_t=4 exact_accuracy=0.007812 certified=False
seed=74 profile=seen_n depth_t=8 exact_accuracy=0.007812 certified=False
seed=74 profile=seen_n depth_t=16 exact_accuracy=0.001953 certified=False
seed=74 profile=seen_n depth_t=32 exact_accuracy=0.000000 certified=False
seed=74 profile=seen_n depth_t=64 exact_accuracy=0.007812 certified=False
seed=74 profile=ood_n depth_t=1 exact_accuracy=0.001953 certified=False
seed=74 profile=ood_n depth_t=2 exact_accuracy=0.001953 certified=False
seed=74 profile=ood_n depth_t=4 exact_accuracy=0.000000 certified=False
seed=74 profile=ood_n depth_t=8 exact_accuracy=0.001953 certified=False
seed=74 profile=ood_n depth_t=16 exact_accuracy=0.000000 certified=False
seed=74 profile=ood_n depth_t=32 exact_accuracy=0.000000 certified=False
seed=74 profile=ood_n depth_t=64 exact_accuracy=0.001953 certified=False
RESULT_JSON={"depth_profile": {"depth_factor": 0, "ladder": [1, 2, 4, 8, 16, 32, 64], "max_certified_time_steps": null, "ood_n_ladder": [1, 2, 4, 8, 16, 32, 64], "ood_n_max_certified_time_steps": null, "ood_n_profile_available": true}, "manifest": "squaring-mod-easy-e5", "score": {"mean_exact_accuracy": 0.007500000024835269, "mean_loss": 3.05437499992885, "num_measurements": 2, "primary_metric": "mean_exact_accuracy"}, "seeds": [{"completed_training_steps": 1597, "depth_profile": {"depth_factor": 0, "ladder": [1, 2, 4, 8, 16, 32, 64], "max_certified_time_steps": null, "ood_n_ladder": [1, 2, 4, 8, 16, 32, 64], "ood_n_max_certified_time_steps": null, "ood_n_rungs": [{"correct_examples": 1, "exact_accuracy": 0.001953125, "example_count": 512, "status": "failed", "time_steps": 1}, {"correct_examples": 1, "exact_accuracy": 0.001953125, "example_count": 512, "status": "failed", "time_steps": 2}, {"correct_examples": 0, "exact_accuracy": 0.0, "example_count": 512, "status": "failed", "time_steps": 4}, {"correct_examples": 1, "exact_accuracy": 0.001953125, "example_count": 512, "status": "failed", "time_steps": 8}, {"correct_examples": 0, "exact_accuracy": 0.0, "example_count": 512, "status": "failed", "time_steps": 16}, {"correct_examples": 0, "exact_accuracy": 0.0, "example_count": 512, "status": "failed", "time_steps": 32}, {"correct_examples": 1, "exact_accuracy": 0.001953125, "example_count": 512, "status": "failed", "time_steps": 64}], "rungs": [{"correct_examples": 3, "exact_accuracy": 0.005859375, "example_count": 512, "status": "failed", "time_steps": 1}, {"correct_examples": 3, "exact_accuracy": 0.005859375, "example_count": 512, "status": "failed", "time_steps": 2}, {"correct_examples": 4, "exact_accuracy": 0.0078125, "example_count": 512, "status": "failed", "time_steps": 4}, {"correct_examples": 4, "exact_accuracy": 0.0078125, "example_count": 512, "status": "failed", "time_steps": 8}, {"correct_examples": 1, "exact_accuracy": 0.001953125, "example_count": 512, "status": "failed", "time_steps": 16}, {"correct_examples": 0, "exact_accuracy": 0.0, "example_count": 512, "status": "failed", "time_steps": 32}, {"correct_examples": 4, "exact_accuracy": 0.0078125, "example_count": 512, "status": "failed", "time_steps": 64}]}, "evaluation": {"ood": {"correct_examples": 7, "exact_accuracy": 0.011666666716337204, "example_count": 600, "loss": 2.2664480209350586}, "test": {"correct_examples": 4, "exact_accuracy": 0.0033333333333333335, "example_count": 1200, "loss": 3.842301978922642}}, "evaluation_batch_size": 1024, "evaluation_budget_seconds": 30.0, "evaluation_seconds": 2.3134308259996033, "final_train_loss": 0.7277387380599976, "max_training_steps": 1000000, "model_state_elements": 1724929, "optimizer_state_elements_after_first_step": 3449889, "seed": 74, "training_batch_size": 512, "training_seconds": 60.0111676860015}]}
